
--- LOG INITIALIZED BY AT 2026-03-01 12:03:09.670455 ---

--- 2026-03-01 12:04:14.598544 ---
Attempt: [techclub@gmail.com]
Found Club: Technical Club. Password Match: True

--- 2026-03-01 12:04:53.953191 ---
Attempt: [admin@pms.com]
Found User. Role: admin. Password Match: True

--- 2026-03-01 12:05:48.715136 ---
Attempt: [techclub@gmail.com]
Found Club: Technical Club. Password Match: True

--- 2026-03-01 12:06:35.956505 ---
Attempt: [aifusion@gmail.com]
Found Club: AI Fusion Club. Password Match: True

--- 2026-03-01 12:08:32.773864 ---
Attempt: [admin@pms.com]
Found User. Role: admin. Password Match: True

--- 2026-03-01 12:09:19.788107 ---
Attempt: [aifusion@gmail.com]
Found Club: AI Fusion Club. Password Match: True

--- 2026-03-01 12:09:45.804969 ---
Attempt: [mandotisaikiran@gmail.com]
Found User. Role: student. Password Match: True

--- 2026-03-01 16:04:24.521691 ---
Attempt: [mandotisaikiran@gmail.com]
Found User. Role: student. Password Match: True

--- 2026-03-01 16:05:28.319469 ---
Attempt: [admin@pms.com]
Found User. Role: admin. Password Match: True

--- 2026-03-01 16:10:33.336955 ---
Attempt: [vin]
Result: FAILED

--- 2026-03-01 16:12:23.709536 ---
Attempt: [vinland637@gmail.com]
Found User. Role: student. Password Match: False
Result: FAILED

--- 2026-03-01 16:13:13.438720 ---
Attempt: [vinland637@gmail.com]
Found User. Role: student. Password Match: True

--- 2026-03-01 16:14:49.405507 ---
Attempt: [admin@pms.com]
Found User. Role: admin. Password Match: True

--- 2026-03-01 16:16:52.652278 ---
Attempt: [techclub@gmail.com]
Found Club: Technical Club. Password Match: True

--- 2026-03-01 16:17:05.283131 ---
Attempt: [techclub@gmail.com]
Found Club: Technical Club. Password Match: False
Result: FAILED

--- 2026-03-01 16:17:34.091933 ---
Attempt: [techclub@gmail.com]
Found Club: Technical Club. Password Match: True

--- 2026-03-01 16:22:11.550580 ---
Attempt: [admin@pms.com]
Found User. Role: admin. Password Match: True

--- 2026-03-01 16:23:04.134119 ---
Attempt: [techclub@gmail.com]
Found Club: Technical Club. Password Match: True

--- 2026-03-01 16:25:48.926539 ---
Attempt: [admin@pms.com]
Found User. Role: admin. Password Match: True

--- 2026-03-01 16:27:36.616373 ---
Attempt: [culturalclub@gmail.com]
Found Club: Cultural Club. Password Match: True

--- 2026-03-01 16:30:29.334128 ---
Attempt: [admin@pms.com]
Found User. Role: admin. Password Match: True

--- 2026-03-01 16:30:51.485507 ---
Attempt: [aifusion@gmail.com]
Found Club: AI Fusion Club. Password Match: True

--- 2026-03-01 16:31:21.150880 ---
Attempt: [culturalclub@gmail.com]
Found Club: Cultural Club. Password Match: True

--- 2026-03-01 16:35:26.896720 ---
Attempt: [admin@pms.com]
Found User. Role: admin. Password Match: True

--- 2026-03-01 16:35:44.137468 ---
Attempt: [techclub@gmail.com]
Found Club: Technical Club. Password Match: True

--- 2026-03-01 16:42:41.449354 ---
Attempt: [mandotisaikiran@gmail.com]
Found User. Role: student. Password Match: True

--- 2026-03-01 16:52:41.562110 ---
Attempt: [admin@pms.com]
Found User. Role: admin. Password Match: True

--- 2026-03-01 16:54:17.747867 ---
Attempt: [techclub@gmail.com]
Found Club: Technical Club. Password Match: True

--- 2026-03-01 16:55:45.424478 ---
Attempt: [techclub@gmail.com]
Found Club: Technical Club. Password Match: True

--- 2026-03-01 16:58:32.476923 ---
Attempt: [techclub@gmail.com]
Found Club: Technical Club. Password Match: True

--- 2026-03-01 17:03:27.357462 ---
Attempt: [admin@pms.com]
Found User. Role: admin. Password Match: True

--- 2026-03-01 17:03:44.802796 ---
Attempt: [techclub@gmail.com]
Found Club: Technical Club. Password Match: True

--- 2026-03-01 17:05:05.598353 ---
Attempt: [mandotisaikiran@gmail.com]
Found User. Role: student. Password Match: True

--- 2026-03-01 17:06:03.970576 ---
Attempt: [techclub@gmail.com]
Found Club: Technical Club. Password Match: True

--- 2026-03-01 17:08:12.903081 ---
Attempt: [mandotisaikiran@gmail.com]
Found User. Role: student. Password Match: True

--- 2026-03-01 17:24:07.636897 ---
Attempt: [mandotisaikiran@gmail.com]
Found User. Role: student. Password Match: True

--- 2026-03-01 17:31:43.182869 ---
Attempt: [admin@pms.com]
Found User. Role: admin. Password Match: True

--- 2026-03-01 17:32:54.045097 ---
Attempt: [sportsclub@gmail.com]
Found Club: Sports Club. Password Match: True

--- 2026-03-01 17:40:11.202479 ---
Attempt: [techclub@gmail.com]
Found Club: Technical Club. Password Match: True

--- 2026-03-01 21:53:56.894975 ---
Attempt: [techclub@gmail.com]
Found Club: Technical Club. Password Match: True

--- 2026-03-01 21:54:38.315362 ---
Attempt: [mandotisaikiran@gmail.com]
Found User. Role: student. Password Match: True

--- 2026-03-01 21:55:57.746205 ---
Attempt: [sportsclub@gmail.com]
Found Club: Sports Club. Password Match: True

--- 2026-03-01 22:01:07.457702 ---
Attempt: [mandotisaikiran@gmail.com]
Found User. Role: student. Password Match: True

--- 2026-03-01 22:15:46.718793 ---
Attempt: [vinland637@gmail.com]
Found User. Role: student. Password Match: True

--- 2026-03-01 22:20:09.632452 ---
Attempt: [mandotisaikiran@gmail.com]
Found User. Role: student. Password Match: True

--- 2026-03-01 22:20:09.630800 ---
Attempt: [mandotisaikiran@gmail.com]
Found User. Role: student. Password Match: True

--- 2026-03-01 22:25:09.929573 ---
Attempt: [sportsclub@gmail.com]
Found Club: Sports Club. Password Match: True

--- 2026-03-01 22:30:08.478144 ---
Attempt: [mandotisaikiran@gmail.com]
Found User. Role: student. Password Match: True

--- 2026-03-01 22:32:08.317906 ---
Attempt: [sportsclub@gmail.com]
Found Club: Sports Club. Password Match: True

--- 2026-03-01 22:32:54.326972 ---
Attempt: [mandotisaikiran@gmail.com]
Found User. Role: student. Password Match: True

--- 2026-03-01 22:33:21.243479 ---
Attempt: [vinland637@gmail.com]
Found User. Role: student. Password Match: True

--- 2026-03-01 22:34:10.428117 ---
Attempt: [sportsclub@gmail.com]
Found Club: Sports Club. Password Match: True

--- 2026-03-01 22:37:20.653688 ---
Attempt: [admin@pms.com]
Found User. Role: admin. Password Match: True

--- 2026-03-01 22:40:36.618393 ---
Attempt: [codersclub@pms.com]
Found Club: coders club. Password Match: False
Result: FAILED

--- 2026-03-01 22:40:49.476213 ---
Attempt: [codersclub@pms.com]
Found Club: coders club. Password Match: True

--- 2026-03-01 22:41:58.180723 ---
Attempt: [codersclub@pms.com]
Found Club: coders club. Password Match: False
Result: FAILED

--- 2026-03-01 22:42:04.192371 ---
Attempt: [codersclub@pms.com]
Found Club: coders club. Password Match: False
Result: FAILED

--- 2026-03-01 22:42:36.807801 ---
Attempt: [codersclub@pms.com]
Found Club: coders club. Password Match: True

--- 2026-03-01 22:44:02.905676 ---
Attempt: [admin@pms.com]
Found User. Role: admin. Password Match: True

--- 2026-03-02 00:40:13.169323 ---
Attempt: [mandotisaikiran@gmail.com]
Found User. Role: student. Password Match: True

--- 2026-03-02 00:40:35.387396 ---
Attempt: [mandotisaikiran@gmail.com]
Found User. Role: student. Password Match: True

--- 2026-03-02 00:40:47.776690 ---
Attempt: [admin@pms.com]
Found User. Role: admin. Password Match: True

--- 2026-03-02 01:19:14.082987 ---
Attempt: [mandotisaikiran@gmail.com]
Found User. Role: student. Password Match: True

--- 2026-03-02 01:20:48.738213 ---
Attempt: [admin@pms.com]
Found User. Role: admin. Password Match: True

--- 2026-03-02 11:16:57.698843 ---
Attempt: [admin@pms.com]
Found User. Role: admin. Password Match: True

--- 2026-03-02 11:19:45.381439 ---
Attempt: [mandotisaikiran@gmail.com]
Found User. Role: student. Password Match: True

--- 2026-03-02 11:41:35.965927 ---
Attempt: [mandotisaikiran@gmail.com]
Found User. Role: student. Password Match: True

--- 2026-03-02 11:41:46.979197 ---
Attempt: [mandotisaikiran@gmail.com]
Found User. Role: student. Password Match: True

--- 2026-03-02 11:41:55.111285 ---
Attempt: [admin@pms.com]
Found User. Role: admin. Password Match: True

--- 2026-03-02 11:53:30.979365 ---
Attempt: [admin@pms.com]
Found User. Role: admin. Password Match: True

--- 2026-03-02 11:54:20.756680 ---
Attempt: [gorativamshi99@gmail.com]
Found User. Role: student. Password Match: False
Result: FAILED

--- 2026-03-02 11:55:49.825123 ---
Attempt: [mandotisaikiran@gmail.com]
Found User. Role: student. Password Match: True

--- 2026-03-02 11:56:13.599705 ---
Attempt: [gorativamshi99@gmail.com]
Found User. Role: student. Password Match: True

--- 2026-03-02 11:58:21.080253 ---
Attempt: [admin@pms.com]
Found User. Role: admin. Password Match: True

--- 2026-03-02 11:59:07.679362 ---
Attempt: [gorativamshi99@gmail.com]
Found User. Role: student. Password Match: True

--- 2026-03-02 12:02:06.056873 ---
Attempt: [sportsclub@gmail.com]
Found Club: Sports Club. Password Match: True

--- 2026-03-02 15:33:02.359291 ---
Attempt: [mandotisaikiran@gmail.com]
Found User. Role: student. Password Match: True

--- 2026-03-02 15:34:11.700222 ---
Attempt: [admin@pms.com]
Found User. Role: admin. Password Match: True

--- 2026-03-02 15:34:33.577848 ---
Attempt: [mandotisaikiran@gmail.com]
Found User. Role: student. Password Match: True

--- 2026-03-02 15:38:05.041769 ---
Attempt: [gorativamshi99@gmail.com]
Found User. Role: student. Password Match: True

--- 2026-03-02 15:42:24.419784 ---
Attempt: [admin@pms.com]
Found User. Role: admin. Password Match: True

--- 2026-03-02 15:47:07.689881 ---
Attempt: [mandotisaikiran@gmail.com]
Found User. Role: student. Password Match: True

--- 2026-03-02 15:47:35.367392 ---
Attempt: [arrasripadavallabharrddy@gmail.com]
Found User. Role: student. Password Match: True

--- 2026-03-02 15:48:06.742947 ---
Attempt: [techclub@gmail.com]
Found Club: Technical Club. Password Match: True

--- 2026-03-02 15:48:44.143183 ---
Attempt: [arrasripadavallabharrddy@gmail.com]
Found User. Role: student. Password Match: True

--- 2026-03-02 15:56:07.497664 ---
Attempt: [mandotisaikiran@gmail.com]
Found User. Role: student. Password Match: True

--- 2026-03-02 15:56:55.387597 ---
Attempt: [techclub@gmail.com]
Found Club: Technical Club. Password Match: True

--- 2026-03-02 15:57:12.927316 ---
Attempt: [admin@pms.com]
Found User. Role: admin. Password Match: True

--- 2026-03-02 17:12:54.104653 ---
Attempt: [admin@pms.com]
Found User. Role: admin. Password Match: True

--- 2026-03-02 17:13:53.297680 ---
Attempt: [techclub@gmail.com]
Found Club: Technical Club. Password Match: True

--- 2026-03-02 17:17:23.988393 ---
Attempt: [mandotisaikiran@gmail.com]
Found User. Role: student. Password Match: True

--- 2026-03-02 17:26:27.242917 ---
Attempt: [admin@pms.com]
Found User. Role: admin. Password Match: True

--- 2026-03-02 17:27:14.194739 ---
Attempt: [techclub@gmail.com]
Found Club: Technical Club. Password Match: True

--- 2026-03-02 17:29:25.363482 ---
Attempt: [arrasripadavallabharrddy@gmail.com]
Found User. Role: student. Password Match: True

--- 2026-03-02 17:30:20.152526 ---
Attempt: [techclub@gmail.com]
Found Club: Technical Club. Password Match: True

--- 2026-03-02 17:30:52.177981 ---
Attempt: [arrasripadavallabharrddy@gmail.com]
Found User. Role: student. Password Match: True

--- 2026-03-02 17:31:50.073134 ---
Attempt: [sportsclub@gmail.com]
Found Club: Sports Club. Password Match: True

--- 2026-03-02 17:32:27.966507 ---
Attempt: [arrasripadavallabharrddy@gmail.com]
Found User. Role: student. Password Match: True

--- 2026-03-02 17:36:04.415814 ---
Attempt: [arrasripadavallabharrddy@gmail.com]
Found User. Role: student. Password Match: True

--- 2026-03-02 17:37:25.011679 ---
Attempt: [arrasripadavallabharrddy@gmail.com]
Found User. Role: student. Password Match: True

--- 2026-03-02 17:42:36.962584 ---
Attempt: [vinland637@gmail.com]
Found User. Role: student. Password Match: True

--- 2026-03-02 17:43:06.711947 ---
Attempt: [sportsclub@gmail.com]
Found Club: Sports Club. Password Match: True

--- 2026-03-02 17:47:43.821165 ---
Attempt: [arrasripadavallabharrddy@gmail.com]
Found User. Role: student. Password Match: True

--- 2026-03-02 17:48:18.549512 ---
Attempt: [techclub@gmail.com]
Found Club: Technical Club. Password Match: True

--- 2026-03-02 17:49:02.806136 ---
Attempt: [vinland637@gmail.com]
Found User. Role: student. Password Match: True

--- 2026-03-02 17:49:47.795811 ---
Attempt: [arrasripadavallabharrddy@gmail.com]
Found User. Role: student. Password Match: True

--- 2026-03-02 17:50:23.956648 ---
Attempt: [vinland637@gmail.com]
Found User. Role: student. Password Match: True

--- 2026-03-02 17:53:26.968405 ---
Attempt: [mandotisaikiran@gmail.com]
Found User. Role: student. Password Match: True

--- 2026-03-02 17:55:15.555990 ---
Attempt: [gorativamshi99@gmail.com]
Found User. Role: student. Password Match: True

--- 2026-03-02 17:59:19.367569 ---
Attempt: [techclub@gmail.com]
Found Club: Technical Club. Password Match: True

--- 2026-03-02 18:00:29.581136 ---
Attempt: [mandotisaikiran@gmail.com]
Found User. Role: student. Password Match: True

--- 2026-03-02 18:06:30.914696 ---
Attempt: [arrasripadavallabharrddy@gmail.com]
Found User. Role: student. Password Match: True

--- 2026-03-02 18:12:25.930075 ---
Attempt: [mandotisaikiran@gmail.com]
Found User. Role: student. Password Match: True

--- 2026-03-02 18:38:17.932352 ---
Attempt: [arrasripadavallabharrddy@gmail.com]
Found User. Role: student. Password Match: True

--- 2026-03-02 18:39:56.867282 ---
Attempt: [techclub@gmail.com]
Found Club: Technical Club. Password Match: True

--- 2026-03-02 18:41:31.250218 ---
Attempt: [techclub@gmail.com]
Found Club: Technical Club. Password Match: True

--- 2026-03-02 18:42:56.740944 ---
Attempt: [mandotisaikiran@gmail.com]
Found User. Role: student. Password Match: True

--- 2026-03-02 18:44:36.420142 ---
Attempt: [mandotisaikiran@gmail.com]
Found User. Role: student. Password Match: True

--- 2026-03-02 18:45:39.426034 ---
Attempt: [admin@pms.com]
Found User. Role: admin. Password Match: True

--- 2026-03-02 19:08:58.067730 ---
Attempt: [admin@pms.com]
Found User. Role: admin. Password Match: True

--- 2026-03-02 19:39:48.575674 ---
Attempt: [cheemalamanikanta56@gmail.com]
Found User. Role: student. Password Match: True

--- 2026-03-02 19:40:51.033840 ---
Attempt: [techclub@gmail.com]
Found Club: Technical Club. Password Match: False
Result: FAILED

--- 2026-03-02 19:41:27.419024 ---
Attempt: [techclub@gmail.com]
Found Club: Technical Club. Password Match: True

--- 2026-03-02 19:42:32.352749 ---
Attempt: [cheemalamanikanta56@gmail.com]
Found User. Role: student. Password Match: True

--- 2026-03-02 19:56:40.543742 ---
Attempt: [techclub@gmail.com]
Found Club: Technical Club. Password Match: True

--- 2026-03-06 09:57:24.675280 ---
Attempt: [chirlanchitanishq@gmail.com]
Found User. Role: student. Password Match: True

--- 2026-03-06 10:00:08.969960 ---
Attempt: [mandotisaikiran@gmail.com]
Found User. Role: student. Password Match: True

--- 2026-03-15 11:25:55.960349 ---
Attempt: [mandotisaikiran@gmail.com]
Found User. Role: student. Password Match: True

--- 2026-03-15 11:27:22.984480 ---
Attempt: [admin@pms.com]
Found User. Role: admin. Password Match: True

--- 2026-03-15 11:41:32.299373 ---
Attempt: [mandotisaikiran@gmail.com]
Found User. Role: student. Password Match: True

--- 2026-03-15 11:42:49.731042 ---
Attempt: [admin@pms.com]
Found User. Role: admin. Password Match: True

--- 2026-03-15 11:57:56.024429 ---
Attempt: [cherukuharsha321@gmail.com]
Found User. Role: hod. Password Match: False
Result: FAILED

--- 2026-03-15 11:58:11.281148 ---
Attempt: [admin@pms.com]
Found User. Role: admin. Password Match: True

--- 2026-03-15 11:59:15.364170 ---
Attempt: [cherukuharsha321@gmail.com]
Found User. Role: hod. Password Match: True

--- 2026-03-15 12:01:37.698816 ---
Attempt: [mukeshcs@gmail.com]
Found User. Role: faculty. Password Match: True

--- 2026-03-15 12:02:14.423194 ---
Attempt: [cherukuharsha321@gmail.com]
Found User. Role: hod. Password Match: True

--- 2026-03-15 12:13:17.917998 ---
Attempt: [mukeshcs@gmail.com]
Found User. Role: faculty. Password Match: True

--- 2026-03-15 12:13:55.129293 ---
Attempt: [admin@pms.com]
Found User. Role: admin. Password Match: True

--- 2026-03-15 13:03:17.552820 ---
Attempt: [mukeshcs@gmail.com]
Found User. Role: faculty. Password Match: True

--- 2026-03-15 13:20:55.973364 ---
Attempt: [mukeshcs@gmail.com]
Found User. Role: faculty. Password Match: True

--- 2026-03-15 13:21:11.844844 ---
Attempt: [cherukuharsha321@gmail.com]
Found User. Role: hod. Password Match: True

--- 2026-03-15 16:17:39.788842 ---
Attempt: [admin@pms.com]
Found User. Role: admin. Password Match: True

--- 2026-03-15 16:18:05.482319 ---
Attempt: [mandotisaikiran@gmail.com]
Found User. Role: student. Password Match: True

--- 2026-03-15 16:21:51.082898 ---
Attempt: [admin@pms.com]
Found User. Role: admin. Password Match: True

--- 2026-03-15 16:23:00.548400 ---
Attempt: [techclub@gmail.com]
Found Club: Technical Club. Password Match: True

--- 2026-03-15 16:25:46.602703 ---
Attempt: [mukeshcs@gmail.com]
Found User. Role: faculty. Password Match: True

--- 2026-03-15 16:41:58.074960 ---
Attempt: [admin@pms.com]
Found User. Role: admin. Password Match: True

--- 2026-03-15 17:15:24.599303 ---
Attempt: [bvr@gmail.com]
Found User. Role: faculty. Password Match: True

--- 2026-03-15 17:25:14.641215 ---
Attempt: [mandotisaikiran@gmail.com]
Found User. Role: student. Password Match: True

--- 2026-03-15 17:26:11.405502 ---
Attempt: [bvr@gmail.com]
Found User. Role: faculty. Password Match: True

--- 2026-03-15 17:26:30.327130 ---
Attempt: [mukeshcs@gmail.com]
Found User. Role: faculty. Password Match: True

--- 2026-03-15 17:26:56.166146 ---
Attempt: [bvr@gmail.com]
Found User. Role: faculty. Password Match: True

--- 2026-03-15 17:32:08.288272 ---
Attempt: [admin@pms.com]
Found User. Role: admin. Password Match: True

--- 2026-03-15 17:39:45.183368 ---
Attempt: [mandotisaikiran@gmail.com]
Found User. Role: student. Password Match: True

--- 2026-03-15 22:26:29.181016 ---
Attempt: [admin@pms.com]
Found User. Role: admin. Password Match: True

--- 2026-03-15 22:26:45.605701 ---
Attempt: [bvr@gmail.com]
Found User. Role: faculty. Password Match: True

--- 2026-03-15 22:27:15.996753 ---
Attempt: [bvr@gmail.com]
Found User. Role: faculty. Password Match: True

--- 2026-03-15 22:27:51.055925 ---
Attempt: [mukeshcs@gmail.com]
Found User. Role: faculty. Password Match: True

--- 2026-03-15 22:28:04.877489 ---
Attempt: [cherukuharsha321@gmail.com]
Found User. Role: hod. Password Match: True

--- 2026-03-15 22:29:04.526338 ---
Attempt: [mukeshcs@gmail.com]
Found User. Role: faculty. Password Match: True

--- 2026-03-15 22:29:35.170502 ---
Attempt: [admin@pms.com]
Found User. Role: admin. Password Match: True

--- 2026-03-15 22:33:42.702813 ---
Attempt: [mandotisaikirandesktop@gmail.com]
Found User. Role: hod. Password Match: True

--- 2026-03-15 22:34:45.719041 ---
Attempt: [bvr@gmail.com]
Found User. Role: faculty. Password Match: True

--- 2026-03-15 22:35:51.785680 ---
Attempt: [mandotisaikiran@gmail.com]
Found User. Role: student. Password Match: True

--- 2026-03-15 22:36:36.837547 ---
Attempt: [mandotisaikirandesktop@gmail.com]
Found User. Role: hod. Password Match: True

--- 2026-03-15 22:40:44.841364 ---
Attempt: [kanchan@gmail.com]
Found User. Role: faculty. Password Match: True

--- 2026-03-15 22:41:19.671790 ---
Attempt: [mandotisaikiran@gmail.com]
Found User. Role: student. Password Match: True

--- 2026-03-15 22:48:38.066927 ---
Attempt: [mandotisaikiran@gmail.com]
Found User. Role: student. Password Match: True

--- 2026-03-15 22:55:28.739032 ---
Attempt: [cheemalamanikanta56@gmail.com]
Found User. Role: student. Password Match: False
Result: FAILED

--- 2026-03-15 22:55:47.264577 ---
Attempt: [cheemalamanikanta56@gmail.com]
Found User. Role: student. Password Match: False
Result: FAILED

--- 2026-03-15 22:56:13.452109 ---
Attempt: [vinland637@gmail.com]
Found User. Role: student. Password Match: True

--- 2026-03-15 23:01:37.235848 ---
Attempt: [mandotisaikiran@gmail.com]
Found User. Role: student. Password Match: True

--- 2026-03-15 23:01:56.775610 ---
Attempt: [mandotisaikiran@gmail.com]
Found User. Role: student. Password Match: True

--- 2026-03-15 23:04:28.580757 ---
Attempt: [bvr@gmail.com]
Found User. Role: faculty. Password Match: True

--- 2026-03-15 23:05:58.219902 ---
Attempt: [mandotisaikiran@gmail.com]
Found User. Role: student. Password Match: True

--- 2026-03-15 23:06:50.075741 ---
Attempt: [kanchan@gmail.com]
Found User. Role: faculty. Password Match: True

--- 2026-03-15 23:08:14.453679 ---
Attempt: [mandotisaikiran@gmail.com]
Found User. Role: student. Password Match: True

--- 2026-03-15 23:12:36.041651 ---
Attempt: [admin@pms.com]
Found User. Role: admin. Password Match: True

--- 2026-03-15 23:15:16.443535 ---
Attempt: [mandotisaikiran@gmail.com]
Found User. Role: student. Password Match: True

--- 2026-03-15 23:15:36.098609 ---
Attempt: [vinland637@gmail.com]
Found User. Role: student. Password Match: True

--- 2026-03-15 23:16:28.533263 ---
Attempt: [gayathri@gmail.com]
Found User. Role: hod. Password Match: False
Result: FAILED

--- 2026-03-15 23:16:50.258250 ---
Attempt: [gayathri@gmail.com]
Found User. Role: hod. Password Match: False
Result: FAILED

--- 2026-03-15 23:17:10.165696 ---
Attempt: [gayathri@gmail.com]
Found User. Role: hod. Password Match: True

--- 2026-03-15 23:17:47.842603 ---
Attempt: [admin@pms.com]
Found User. Role: admin. Password Match: True

--- 2026-03-15 23:19:14.821523 ---
Attempt: [gayathri@gmail.com]
Found User. Role: hod. Password Match: True

--- 2026-03-15 23:19:53.935299 ---
Attempt: [lo]
Result: FAILED

--- 2026-03-15 23:22:27.582267 ---
Attempt: [lokineninandhishwar21@gmail.com]
Found User. Role: student. Password Match: True

--- 2026-03-15 23:23:56.586563 ---
Attempt: [mandotisaikiran@gmail.com]
Found User. Role: student. Password Match: True

--- 2026-03-15 23:24:24.520323 ---
Attempt: [vinland637@gmail.com]
Found User. Role: student. Password Match: True

--- 2026-03-15 23:25:42.970021 ---
Attempt: [mandotisaikiran@gmail.com]
Found User. Role: student. Password Match: True

--- 2026-03-15 23:45:05.441536 ---
Attempt: [mandotisaikiran@gmail.com]
Found User. Role: student. Password Match: True

--- 2026-03-15 23:49:13.317371 ---
Attempt: [admin@pms.com]
Found User. Role: admin. Password Match: True

--- 2026-03-16 00:00:30.628755 ---
Attempt: [mandotisaikiran@gmail.com]
Found User. Role: student. Password Match: True

--- 2026-03-16 00:01:14.774704 ---
Attempt: [admin@pms.com]
Found User. Role: admin. Password Match: True

--- 2026-03-16 00:29:26.766706 ---
Attempt: [admin@pms.com]
Found User. Role: admin. Password Match: True

--- 2026-03-16 01:30:34.890816 ---
Attempt: [mandotisaikirandesktop@gmail.com]
Found User. Role: hod. Password Match: True

--- 2026-03-16 01:32:09.965595 ---
Attempt: [mandotisaikiran@gmail.com]
Found User. Role: student. Password Match: True

--- 2026-03-16 01:38:47.016838 ---
Attempt: [mandotisaikirandesktop@gmail.com]
Found User. Role: hod. Password Match: True

--- 2026-03-16 01:39:33.315594 ---
Attempt: [kanchan@gmail.com]
Found User. Role: faculty. Password Match: True

--- 2026-03-16 09:18:13.184339 ---
Attempt: [mandotisaikiran@gmail.com]
Found User. Role: student. Password Match: True

--- 2026-03-16 09:18:45.366841 ---
Attempt: [kanchan@gmail.com]
Found User. Role: faculty. Password Match: True

--- 2026-03-16 11:16:15.724181 ---
Attempt: [kanchan@gmail.com]
Found User. Role: faculty. Password Match: True

--- 2026-03-16 21:48:12.925201 ---
Attempt: [kanchan@gmail.com]
Found User. Role: faculty. Password Match: True

--- 2026-03-16 21:55:00.554357 ---
Attempt: [mandotisaikiran@gmail.com]
Found User. Role: student. Password Match: True

--- 2026-03-16 22:04:48.811165 ---
Attempt: [mandotisaikirandesktop@gmail.com]
Found User. Role: hod. Password Match: True

--- 2026-03-16 22:05:30.633354 ---
Attempt: [admin@pms.com]
Found User. Role: admin. Password Match: True

--- 2026-03-16 22:09:26.065618 ---
Attempt: [kanchan@gmail.com]
Found User. Role: faculty. Password Match: True

--- 2026-03-16 22:09:36.196715 ---
Attempt: [mandotisaikiran@gmail.com]
Found User. Role: student. Password Match: True

--- 2026-03-16 22:09:51.184789 ---
Attempt: [admin@pms.com]
Found User. Role: admin. Password Match: True

--- 2026-03-16 23:11:01.120664 ---
Attempt: [admin@pms.com]
Found User. Role: admin. Password Match: True

--- 2026-03-16 23:20:06.834091 ---
Attempt: [culturalclub@gmail.com]
Found Club: Cultural Club. Password Match: False
Result: FAILED

--- 2026-03-16 23:20:29.208160 ---
Attempt: [culturalclub@gmail.com]
Found Club: Cultural Club. Password Match: True

--- 2026-03-16 23:29:59.961567 ---
Attempt: [mandotisaikiran@gmail.com]
Found User. Role: student. Password Match: True

--- 2026-03-16 23:33:35.637157 ---
Attempt: [mandotisaikiran@gmail.com]
Found User. Role: student. Password Match: True

--- 2026-03-16 23:35:49.257844 ---
Attempt: [admin@pms.com]
Found User. Role: admin. Password Match: True

--- 2026-03-16 23:37:20.833272 ---
Attempt: [mandotisaikiran@gmail.com]
Found User. Role: student. Password Match: True

--- 2026-03-16 23:37:49.889676 ---
Attempt: [kanchan@gmail.com]
Found User. Role: faculty. Password Match: True

--- 2026-03-16 23:38:45.522912 ---
Attempt: [kanchan@gmail.com]
Found User. Role: faculty. Password Match: True

--- 2026-03-16 23:39:56.583300 ---
Attempt: [kanchan@gmail.com]
Result: FAILED

--- 2026-03-16 23:40:04.431213 ---
Attempt: [kanchana@gmail.com]
Found User. Role: faculty. Password Match: True

--- 2026-03-16 23:41:05.442874 ---
Attempt: [mandotisaikirandesktop@gmail.com]
Found User. Role: hod. Password Match: True

--- 2026-03-16 23:43:05.163535 ---
Attempt: [culturalclub@gmail.com]
Found Club: Cultural Club. Password Match: True

--- 2026-03-16 23:47:52.493013 ---
Attempt: [mandotisaikiran@gmail.com]
Found User. Role: student. Password Match: True

--- 2026-03-16 23:58:25.213893 ---
Attempt: [admin@pms.com]
Found User. Role: admin. Password Match: True

--- 2026-03-17 00:24:37.851070 ---
Attempt: [mandotisaikiran@gmail.com]
Found User. Role: student. Password Match: True

--- 2026-03-17 00:26:06.600113 ---
Attempt: [kanchana@gmail.com]
Found User. Role: faculty. Password Match: True

--- 2026-03-18 06:35:48.053685 ---
Attempt: [kanchana@gmail.com]
Found User. Role: faculty. Password Match: True

--- 2026-03-18 06:51:01.767542 ---
Attempt: [mandotisaikiran@gmail.com]
Found User. Role: student. Password Match: True

--- 2026-03-18 06:57:37.162934 ---
Attempt: [kanchana@gmail.com]
Found User. Role: faculty. Password Match: True

--- 2026-03-18 06:58:06.959975 ---
Attempt: [mandotisaikiran@gmail.com]
Found User. Role: student. Password Match: True

--- 2026-03-18 07:04:09.588632 ---
Attempt: [kanchana@gmail.com]
Found User. Role: faculty. Password Match: True

--- 2026-03-18 07:04:39.918055 ---
Attempt: [mandotisaikiran@gmail.com]
Found User. Role: student. Password Match: True

--- 2026-03-18 18:29:42.909644 ---
Attempt: [mandotisaikiran@gmail.com]
Found User. Role: student. Password Match: True

--- 2026-03-18 18:55:50.326990 ---
Attempt: [kanchana@gmail.com]
Found User. Role: faculty. Password Match: True

--- 2026-03-18 18:56:25.673332 ---
Attempt: [admin@pms.com]
Found User. Role: admin. Password Match: True

--- 2026-03-18 23:12:19.916557 ---
Attempt: [admin@pms.com]
Found User. Role: admin. Password Match: True

--- 2026-03-18 23:19:56.165012 ---
Attempt: [kanchana@gmail.com]
Found User. Role: faculty. Password Match: True

--- 2026-03-18 23:29:41.791515 ---
Attempt: [mandotisaikiran@gmail.com]
Found User. Role: student. Password Match: True

--- 2026-03-18 23:31:34.918537 ---
Attempt: [admin@pms.com]
Found User. Role: admin. Password Match: True

--- 2026-03-18 23:36:20.122188 ---
Attempt: [mandotisaikiran@gmail.com]
Found User. Role: student. Password Match: True

--- 2026-03-18 23:36:41.447495 ---
Attempt: [kanchana@gmail.com]
Found User. Role: faculty. Password Match: True

--- 2026-03-19 07:41:31.200000 ---
Attempt: [mandotisaikiran@gmail.com]
Found User. Role: student. Password Match: True

--- 2026-03-19 07:42:39.512590 ---
Attempt: [kanchana@gmail.com]
Found User. Role: faculty. Password Match: True

--- 2026-03-19 07:43:30.201905 ---
Attempt: [admin@pms.com]
Found User. Role: admin. Password Match: True

--- 2026-03-19 07:54:15.822470 ---
Attempt: [kanchana@gmail.com]
Found User. Role: faculty. Password Match: True

--- 2026-03-19 08:03:32.551880 ---
Attempt: [bvr@gmail.com]
Found User. Role: faculty. Password Match: True

--- 2026-03-19 08:04:05.023362 ---
Attempt: [kanchana@gmail.com]
Found User. Role: faculty. Password Match: True

--- 2026-03-19 08:10:20.495774 ---
Attempt: [mandotisaikiran@gmail.com]
Found User. Role: student. Password Match: True

--- 2026-03-19 08:38:13.561173 ---
Attempt: [mandotisaikiran@gmail.com]
Found User. Role: student. Password Match: True

--- 2026-03-19 08:39:27.119831 ---
Attempt: [mandotisaikiran@gmail.com]
Found User. Role: student. Password Match: True

--- 2026-03-19 08:45:02.087732 ---
Attempt: [mandotisaikiran@gmail.com]
Found User. Role: student. Password Match: True

--- 2026-03-19 08:45:17.754920 ---
Attempt: [mandotisaikiran@gmail.com]
Found User. Role: student. Password Match: True

--- 2026-03-19 08:46:37.088849 ---
Attempt: [mandotisaikiran@gmail.com]
Found User. Role: student. Password Match: True

--- 2026-03-19 08:47:17.534812 ---
Attempt: [kanchana@gmail.com]
Found User. Role: faculty. Password Match: True

--- 2026-03-19 08:47:32.624970 ---
Attempt: [bvr@gmail.com]
Found User. Role: faculty. Password Match: True

--- 2026-03-19 08:47:45.242986 ---
Attempt: [admin@pms.com]
Found User. Role: admin. Password Match: True

--- 2026-03-19 08:48:18.886512 ---
Attempt: [admin@pms.com]
Found User. Role: admin. Password Match: True

--- 2026-03-19 08:55:55.141660 ---
Attempt: [admin@pms.com]
Found User. Role: admin. Password Match: True

--- 2026-03-19 09:03:31.268661 ---
Attempt: [mandotisaikiran@gmail.com]
Found User. Role: student. Password Match: True

--- 2026-03-19 09:04:16.805887 ---
Attempt: [mandotisaikiran@gmail.com]
Found User. Role: student. Password Match: True

--- 2026-04-01 18:23:13.018595 ---
Attempt: [admin@pms.com]
Found User. Role: admin. Password Match: True

--- 2026-04-01 18:23:40.860415 ---
Attempt: [mandotisaikiran@gmail.com]
Found User. Role: student. Password Match: True

--- 2026-04-01 18:44:14.572203 ---
Attempt: [mandotisaikiran@gmail.com]
Found User. Role: student. Password Match: True

--- 2026-04-01 18:45:33.310532 ---
Attempt: [admin@pms.com]
Found User. Role: admin. Password Match: True

--- 2026-04-01 18:49:34.755225 ---
Attempt: [mandotisaikiran@gmail.com]
Found User. Role: student. Password Match: True

--- 2026-04-01 18:49:43.996768 ---
Attempt: [mandotisaikiran@gmail.com]
Found User. Role: student. Password Match: True

--- 2026-04-01 18:50:15.729160 ---
Attempt: [vinland637@gmail.com]
Found User. Role: student. Password Match: True

--- 2026-04-01 18:51:23.392376 ---
Attempt: [kanchana@gmail.com]
Found User. Role: faculty. Password Match: True

--- 2026-04-01 18:55:34.095349 ---
Attempt: [mandotisaikiran@gmail.com]
Found User. Role: student. Password Match: True

--- 2026-04-01 18:56:16.763795 ---
Attempt: [culturalclub@gmail.com]
Found Club: Cultural Club. Password Match: True

--- 2026-04-01 22:48:07.615745 ---
Attempt: [admin@pms.com]
Found User. Role: admin. Password Match: True

--- 2026-04-01 22:52:05.909715 ---
Attempt: [culturalclub@gmail.com]
Found Club: Cultural Club. Password Match: True

--- 2026-04-01 22:57:52.642414 ---
Attempt: [mandotisaikiran@gmail.com]
Found User. Role: student. Password Match: True

--- 2026-04-01 23:15:17.937685 ---
Attempt: [kanchana@gmail.com]
Found User. Role: faculty. Password Match: True

--- 2026-04-01 23:24:51.141927 ---
Attempt: [admin@pms.com]
Found User. Role: admin. Password Match: True

--- 2026-04-02 15:21:05.045772 ---
Attempt: [cherukuharsha321@gmail.com]
Found User. Role: hod. Password Match: False
Result: FAILED

--- 2026-04-02 15:21:16.526251 ---
Attempt: [admin@pms.com]
Found User. Role: admin. Password Match: True

--- 2026-04-02 15:22:30.946028 ---
Attempt: [techclub@gmail.com]
Found Club: Technical Club. Password Match: True

--- 2026-04-02 15:29:27.838876 ---
Attempt: [salikantinaveen@gmail.com]
Found User. Role: student. Password Match: True

--- 2026-04-02 15:32:42.341821 ---
Attempt: [salikantinaveen@gmail.com]
Found User. Role: student. Password Match: True

--- 2026-04-02 15:34:49.675514 ---
Attempt: [mjptab2@gmail.com]
Found User. Role: student. Password Match: False
Result: FAILED

--- 2026-04-02 15:35:00.939832 ---
Attempt: [mjptab2@gmail.com]
Found User. Role: student. Password Match: True

--- 2026-04-02 18:05:36.937781 ---
Attempt: [mjptab2@gmail.com]
Found User. Role: student. Password Match: True

--- 2026-04-02 18:13:10.829808 ---
Attempt: [admin@pms.com]
Found User. Role: admin. Password Match: True

--- 2026-04-02 18:15:28.668786 ---
Attempt: [mjptab2@gmail.com]
Found User. Role: student. Password Match: False
Result: FAILED

--- 2026-04-02 18:27:53.720172 ---
Attempt: [admin@pms.com]
Found User. Role: admin. Password Match: True

--- 2026-04-02 18:28:35.103661 ---
Attempt: [admin@pms.com]
Found User. Role: admin. Password Match: False
Result: FAILED

--- 2026-04-02 18:28:46.125236 ---
Attempt: [admin@pms.comadmin@pms.com]
Result: FAILED

--- 2026-04-02 18:28:57.086715 ---
Attempt: [admin@pms.comadmin@pms.com]
Result: FAILED

--- 2026-04-02 18:29:07.700018 ---
Attempt: [admin@pms.comadmin@pms.com]
Result: FAILED

--- 2026-04-02 18:29:18.803370 ---
Attempt: [techclub@gmail.com]
Found Club: Technical Club. Password Match: False
Result: FAILED

--- 2026-04-02 18:29:31.602565 ---
Attempt: [admin@pms.com]
Found User. Role: admin. Password Match: False
Result: FAILED

--- 2026-04-02 18:30:11.957952 ---
Attempt: [admin@pms.comadmin@pms.com]
Result: FAILED

--- 2026-04-02 18:30:23.918026 ---
Attempt: [techclub@gmail.com]
Found Club: Technical Club. Password Match: True

--- 2026-04-02 18:58:55.816596 ---
Attempt: [techclub@gmail.com]
Found Club: Technical Club. Password Match: True

--- 2026-04-02 19:01:12.223583 ---
Attempt: [mjptab2@gmail.com]
Found User. Role: student. Password Match: True

--- 2026-04-02 19:06:15.761176 ---
Attempt: [admin@pms.com]
Found User. Role: admin. Password Match: True

--- 2026-04-02 19:50:23.580286 ---
Attempt: [admin@pms.com]
Found User. Role: admin. Password Match: True

--- 2026-04-02 23:17:01.301768 ---
Attempt: [admin@pms.com]
Found User. Role: admin. Password Match: True

--- 2026-04-02 23:17:57.604132 ---
Attempt: [cherukuharsha321@gmail.com]
Found User. Role: hod. Password Match: False
Result: FAILED

--- 2026-04-02 23:18:53.328856 ---
Attempt: [admin@genzcampus.com]
Result: FAILED

--- 2026-04-02 23:19:01.096364 ---
Attempt: [admin@pms.com]
Found User. Role: admin. Password Match: True

--- 2026-04-02 23:22:05.819401 ---
Attempt: [admin@pms.com]
Found User. Role: admin. Password Match: True

--- 2026-04-02 23:23:28.881879 ---
Attempt: [aishwaryajaligama@gmail.com]
Result: FAILED

--- 2026-04-02 23:23:33.641763 ---
Attempt: [akarthik@gmail.com]
Result: FAILED

--- 2026-04-02 23:23:40.067239 ---
Attempt: [mjptab2@gmail.com]
Found User. Role: student. Password Match: True

--- 2026-04-02 23:28:28.817089 ---
Attempt: [admin@pms.com]
Found User. Role: admin. Password Match: True

--- 2026-04-03 18:31:25.893615 ---
Attempt: [admin@pms.com]
Found User. Role: admin. Password Match: True

--- 2026-04-03 18:33:57.751395 ---
Attempt: [mjptab2@gmail.com]
Found User. Role: student. Password Match: True

--- 2026-04-03 20:00:11.473513 ---
Attempt: [admin@pms.com]
Found User. Role: admin. Password Match: True

--- 2026-04-03 21:14:08.473273 ---
Attempt: [mjptab2@gmail.com]
Found User. Role: student. Password Match: True

--- 2026-04-03 21:33:26.947695 ---
Attempt: [admin@pms.com]
Found User. Role: admin. Password Match: True

--- 2026-04-03 21:34:58.574574 ---
Attempt: [cherukuharsha321@gmail.com]
Found User. Role: hod. Password Match: True

--- 2026-04-03 21:35:27.498772 ---
Attempt: [cherukuharsha321@gmail.com]
Found User. Role: hod. Password Match: True

--- 2026-04-03 21:39:04.173544 ---
Attempt: [admin@pms.com]
Found User. Role: admin. Password Match: True

--- 2026-04-03 21:41:21.029421 ---
Attempt: [mjptab2@gmail.com]
Found User. Role: student. Password Match: True

--- 2026-04-03 21:42:35.791750 ---
Attempt: [admin--']
Result: FAILED

--- 2026-04-03 21:43:26.841879 ---
Attempt: [mandotisaikiran@gmail.com]
Found User. Role: student. Password Match: True

--- 2026-04-03 21:43:29.092378 ---
Attempt: [admin@pms.com]
Found User. Role: admin. Password Match: True

--- 2026-04-03 21:45:10.765598 ---
Attempt: [mandotisaikiran@gmail.com]
Found User. Role: student. Password Match: False
Result: FAILED

--- 2026-04-03 21:45:19.665868 ---
Attempt: [mandotisaikiran@gmail.com]
Found User. Role: student. Password Match: True

--- 2026-04-03 21:46:38.039679 ---
Attempt: [aifusionclub@gmail.com]
Result: FAILED

--- 2026-04-03 21:47:18.330798 ---
Attempt: [admin@pms.com]
Found User. Role: admin. Password Match: True

--- 2026-04-03 21:47:38.342734 ---
Attempt: [aifusionclub@gmail.com]
Result: FAILED

--- 2026-04-03 21:47:57.906072 ---
Attempt: [aifusionclub@gmail.com]
Result: FAILED

--- 2026-04-03 21:48:05.191913 ---
Attempt: [aifusionclub@gmail.com]
Result: FAILED

--- 2026-04-03 21:48:20.668074 ---
Attempt: [aifusion@gmail.com]
Found Club: AI Fusion Club. Password Match: True

--- 2026-04-03 21:53:49.959410 ---
Attempt: [mjptab2@gmail.com]
Found User. Role: student. Password Match: True

--- 2026-04-03 21:55:00.407768 ---
Attempt: [mandotisaikiran@gmail.com]
Found User. Role: student. Password Match: True

--- 2026-04-03 21:55:55.767655 ---
Attempt: [mjptab2@gmail.com]
Found User. Role: student. Password Match: True

--- 2026-04-03 21:58:35.113241 ---
Attempt: [aifusion@gmail.com]
Found Club: AI Fusion Club. Password Match: True

--- 2026-04-03 21:59:25.718770 ---
Attempt: [mjptab2@gmail.com]
Found User. Role: student. Password Match: True

--- 2026-04-03 22:10:02.505876 ---
Attempt: [mandotisaikiran@gmail.com]
Found User. Role: student. Password Match: True

--- 2026-04-03 22:11:00.836841 ---
Attempt: [aifusion@gmail.com]
Found Club: AI Fusion Club. Password Match: True

--- 2026-04-03 22:12:13.733290 ---
Attempt: [admin@pms.com]
Found User. Role: admin. Password Match: True

--- 2026-04-03 22:13:22.760932 ---
Attempt: [mjptab2@gmail.com]
Found User. Role: student. Password Match: True

--- 2026-04-03 22:24:25.589264 ---
Attempt: [1'OR'1'='1'-- -]
Result: FAILED

--- 2026-04-03 23:27:53.430192 ---
Attempt: [admin]
Result: FAILED

--- 2026-04-03 23:27:58.543469 ---
Attempt: [admin@pms.com]
Found User. Role: admin. Password Match: True

--- 2026-04-04 10:08:17.730477 ---
Attempt: [admin@pms.com]
Found User. Role: admin. Password Match: True

--- 2026-04-04 10:08:20.516560 ---
Attempt: [admin@pms.com]
Found User. Role: admin. Password Match: True

--- 2026-04-04 10:11:42.614092 ---
Attempt: [sandhyaranids@gmail.com]
Found User. Role: faculty. Password Match: False
Result: FAILED

--- 2026-04-04 10:12:19.190803 ---
Attempt: [sandhyaranids@gmail.com]
Found User. Role: faculty. Password Match: True

--- 2026-04-04 10:15:23.628054 ---
Attempt: [aifusion@gmail.com]
Found Club: AI Fusion Club. Password Match: True

--- 2026-04-06 23:37:26.569830 ---
Attempt: [admin@pms.com]
Found User. Role: admin. Password Match: True

--- 2026-04-06 23:37:59.723296 ---
Attempt: [namalarevankumar694@gmail.com]
Found User. Role: student. Password Match: True

--- 2026-04-06 23:38:00.593477 ---
Attempt: [namalarevankumar694@gmail.com]
Found User. Role: student. Password Match: True

--- 2026-04-06 23:38:32.284468 ---
Attempt: [namalarevankumar694@gmail.com]
Found User. Role: student. Password Match: True

--- 2026-04-06 23:39:26.849440 ---
Attempt: [mandotisaikiran@gmail.com]
Found User. Role: student. Password Match: False
Result: FAILED

--- 2026-04-06 23:39:43.161548 ---
Attempt: [mjptab2@gmail.com]
Found User. Role: student. Password Match: True

--- 2026-04-06 23:41:29.325553 ---
Attempt: [namalarevankumar694@gmail.com]
Found User. Role: student. Password Match: True

--- 2026-04-06 23:42:34.654726 ---
Attempt: [aifusion@gmail.com]
Found Club: AI Fusion Club. Password Match: True

--- 2026-04-06 23:42:53.393384 ---
Attempt: [admin@pms.com]
Found User. Role: admin. Password Match: True

--- 2026-04-06 23:43:57.466466 ---
Attempt: [cybergenz]
Found Club: CYBER GENZ. Password Match: True

--- 2026-04-07 00:06:39.195329 ---
Attempt: [admin@pms.com]
Found User. Role: admin. Password Match: True

--- 2026-04-07 21:03:40.287075 ---
Attempt: [admin@pms.com]
Found User. Role: admin. Password Match: True

--- 2026-04-07 21:04:41.876105 ---
Attempt: [greengamertelugu79@gmail.com]
Found User. Role: student. Password Match: True

--- 2026-04-07 21:04:42.918230 ---
Attempt: [greengamertelugu79@gmail.com]
Found User. Role: student. Password Match: True

--- 2026-04-07 21:05:59.576822 ---
Attempt: [greengamertelugu79@gmail.com]
Found User. Role: student. Password Match: True

--- 2026-04-07 21:28:14.169270 ---
Attempt: [cybergenz]
Found Club: CYBER GENZ. Password Match: True

--- 2026-04-07 21:37:16.935075 ---
Attempt: [mjptab2@gmail.com]
Found User. Role: student. Password Match: True

--- 2026-04-07 21:41:36.695614 ---
Attempt: [mjptab2@gmail.com]
Found User. Role: student. Password Match: True

--- 2026-04-07 21:41:37.468105 ---
Attempt: [mjptab2@gmail.com]
Found User. Role: student. Password Match: True

--- 2026-04-07 21:44:09.635332 ---
Attempt: [cybergenz]
Found Club: CYBER GENZ. Password Match: True

--- 2026-04-07 21:49:04.632430 ---
Attempt: [cherukuharsha321@gmail.com]
Found User. Role: hod. Password Match: True

--- 2026-04-07 21:50:12.869011 ---
Attempt: [cherukuharsha321@gmail.com]
Found User. Role: hod. Password Match: True

--- 2026-04-07 21:52:09.454282 ---
Attempt: [sandhyaranids@gmail.com]
Found User. Role: faculty. Password Match: True

--- 2026-04-07 21:52:55.270329 ---
Attempt: [sandhyaranids@gmail.com]
Found User. Role: faculty. Password Match: True

--- 2026-04-07 23:00:50.873150 ---
Attempt: [greengamertelugu79@gmail.com]
Found User. Role: student. Password Match: True

--- 2026-04-13 09:23:52.264180 ---
Attempt: [admin@pms.com]
Found User. Role: admin. Password Match: True

--- 2026-04-13 09:25:07.607735 ---
Attempt: [mjptab2@gmail.com]
Found User. Role: student. Password Match: True

--- 2026-04-13 09:26:19.153490 ---
Attempt: [aifusion@gmail.com]
Found Club: AI Fusion Club. Password Match: True

--- 2026-04-13 09:30:05.751548 ---
Attempt: [admin@pms.com]
Found User. Role: admin. Password Match: True

--- 2026-04-13 09:30:53.352032 ---
Attempt: [mukeshcs@gmail.com]
Found User. Role: faculty. Password Match: True

--- 2026-04-13 09:35:07.204338 ---
Attempt: [admin@pms.com]
Found User. Role: admin. Password Match: True

--- 2026-04-13 10:34:09.162706 ---
Attempt: [aifusion@gmail.com]
Found Club: AI Fusion Club. Password Match: True

--- 2026-04-13 10:37:28.752497 ---
Attempt: [admin]
Result: FAILED

--- 2026-04-13 10:37:32.570649 ---
Attempt: [admin@pms.com]
Found User. Role: admin. Password Match: True

--- 2026-04-13 11:28:06.507111 ---
Attempt: [aifusion@gmail.com]
Found Club: AI Fusion Club. Password Match: True

--- 2026-04-13 11:29:02.076574 ---
Attempt: [mjptab2@gmail.com]
Found User. Role: student. Password Match: True

--- 2026-04-13 11:31:12.433856 ---
Attempt: [mjptab2@gmail.com]
Found User. Role: student. Password Match: True

--- 2026-04-13 11:34:36.491583 ---
Attempt: [admin@pms.com]
Found User. Role: admin. Password Match: True

--- 2026-04-13 11:35:13.517383 ---
Attempt: [mukeshcs@gmail.com]
Found User. Role: faculty. Password Match: True

--- 2026-04-13 11:37:05.021057 ---
Attempt: [aifusion@gmail.com]
Found Club: AI Fusion Club. Password Match: True

--- 2026-04-13 11:39:49.371641 ---
Attempt: [admin@pms.com]
Found User. Role: admin. Password Match: True

--- 2026-04-13 11:42:42.416485 ---
Attempt: [mukeshcs@gmail.com]
Found User. Role: faculty. Password Match: True

--- 2026-04-13 12:00:51.888061 ---
Attempt: [aifusion@gmail.com]
Found Club: AI Fusion Club. Password Match: True

--- 2026-04-13 14:29:22.583971 ---
Attempt: [mjptab2@gmail.com]
Found User. Role: student. Password Match: True

--- 2026-04-13 14:29:52.401091 ---
Attempt: [mjptab2@gmail.com]
Found User. Role: student. Password Match: True

--- 2026-04-13 14:47:43.303568 ---
Attempt: [aifusion@gmail.com]
Found Club: AI Fusion Club. Password Match: True

--- 2026-04-13 14:50:46.874138 ---
Attempt: [admin@pms.com]
Found User. Role: admin. Password Match: True

--- 2026-04-13 14:53:10.104930 ---
Attempt: [admin@pms.com]
Found User. Role: admin. Password Match: True

--- 2026-04-13 14:53:55.461909 ---
Attempt: [cybergenz]
Found Club: CYBER GENZ. Password Match: True

--- 2026-04-13 14:57:08.632694 ---
Attempt: [mjptab2@gmail.com]
Found User. Role: student. Password Match: True

--- 2026-04-13 15:00:07.779376 ---
Attempt: [admin@pms.com]
Found User. Role: admin. Password Match: True

--- 2026-04-13 15:04:05.900916 ---
Attempt: [cybergenz]
Found Club: CYBER GENZ. Password Match: True

--- 2026-04-13 15:46:19.593497 ---
Attempt: [g.tanush27@gmail.com]
Found User. Role: student. Password Match: True

--- 2026-04-13 15:46:20.663122 ---
Attempt: [g.tanush27@gmail.com]
Found User. Role: student. Password Match: True

--- 2026-04-13 15:49:53.101852 ---
Attempt: [admin@pms.com]
Found User. Role: admin. Password Match: True

--- 2026-04-13 15:49:53.313775 ---
Attempt: [admin@pms.com]
Found User. Role: admin. Password Match: True

--- 2026-04-13 15:52:57.713575 ---
Attempt: [aifusion@gmail.com]
Found Club: AI Fusion Club. Password Match: True

--- 2026-04-14 10:02:02.428744 ---
Attempt: [cybergenz]
Found Club: CYBER GENZ. Password Match: True

--- 2026-04-14 10:02:13.299162 ---
Attempt: [mandotisaikiran@gmail.com]
Found User. Role: student. Password Match: True

--- 2026-04-14 10:04:51.085336 ---
Attempt: [admin@pms.com]
Found User. Role: admin. Password Match: True

--- 2026-04-14 12:53:57.504287 ---
Attempt: [superadmin@pms.com]
Found User. Role: super_admin. Password Match: True

--- 2026-04-14 12:55:16.902785 ---
Attempt: [superadmin@pms.com]
Found User. Role: super_admin. Password Match: True

--- 2026-04-14 12:59:39.122781 ---
Attempt: [admin@pms.com]

--- 2026-04-14 13:00:45.230887 ---
Attempt: [admin@pms.com]
No college context; skipping club search.
Result: FAILED

--- 2026-04-14 13:19:32.872233 ---
Attempt: [superadmin@pms.com]
Found User. Role: super_admin. Password Match: True

--- 2026-04-14 13:29:11.450441 ---
Attempt: [admin@pms.com]
Found User. Role: admin. Password Match: True

--- 2026-04-14 19:35:04.510238 ---
Attempt: [mandotisaikiran@gmail.com]
Found User. Role: student. Password Match: True

--- 2026-04-14 19:35:41.174342 ---
Attempt: [mandotisaikiran@gmail.com]
No college context; skipping club search.
Result: FAILED

--- 2026-04-14 19:36:27.273415 ---
Attempt: [superadmin@pms.com]
Found User. Role: super_admin. Password Match: True

--- 2026-04-14 19:50:51.849769 ---
Attempt: [mandotisaikiran@gmail.com]
No college context; skipping club search.
Result: FAILED

--- 2026-04-14 19:51:47.262929 ---
Attempt: [superadmin@pms.com]
Found User. Role: super_admin. Password Match: True

--- 2026-04-14 19:56:33.519484 ---
Attempt: [superadmin@pms.com]
Found User. Role: super_admin. Password Match: True

--- 2026-04-14 19:58:08.957061 ---
Attempt: [superadmin@pms.com]
Found User. Role: super_admin. Password Match: True

--- 2026-04-14 19:58:45.546191 ---
Attempt: [mandotisaikiran@gmail.com]
No college context; skipping club search.
Result: FAILED

--- 2026-04-14 20:00:08.558631 ---
Attempt: [superadmin@pms.com]
Found User. Role: super_admin. Password Match: True

--- 2026-04-14 20:00:57.722966 ---
Attempt: [superadmin@pms.com]
Found User. Role: super_admin. Password Match: True

--- 2026-04-14 20:01:15.330250 ---
Attempt: [superadmin@pms.com]
Found User. Role: super_admin. Password Match: True

--- 2026-04-14 20:04:24.475488 ---
Attempt: [mandotisaikiran@gmail.com]
Found User. Role: student. Password Match: True

--- 2026-04-14 20:07:55.221258 ---
Attempt: [superadmin@pms.com]

--- 2026-04-14 20:08:52.091345 ---
Attempt: [superadmin@pms.com]

--- 2026-04-14 20:12:12.630011 ---
Attempt: [mandotisaikiran@gmail.com]
Result: FAILED

--- 2026-04-14 20:12:41.666585 ---
Attempt: [mandotisaikiran@gmail.com]
Found User. Role: student. Password Match: True

--- 2026-04-14 20:12:46.122220 ---
Attempt: [mandotisaikiran@gmail.com]
Found User. Role: student. Password Match: True

--- 2026-04-14 20:12:51.749306 ---
Attempt: [mandotisaikiran@gmail.com]
Found User. Role: student. Password Match: True

--- 2026-04-14 20:12:52.061690 ---
Attempt: [mandotisaikiran@gmail.com]
Found User. Role: student. Password Match: True

--- 2026-04-14 20:21:14.545722 ---
Attempt: [adminmvsr@pms.com]
Found User. Role: admin. Password Match: True

--- 2026-04-14 20:27:16.220796 ---
Attempt: [superadmin@pms.com]

--- 2026-04-14 20:29:48.488038 ---
Attempt: [adminmvsr@pms.com]
Found User. Role: admin. Password Match: True

--- 2026-04-14 20:50:44.031007 ---
Attempt: [superadmin@pms.com]

--- 2026-04-14 20:53:55.194235 ---
Attempt: [adminmvsr@pms.com]
Found User. Role: admin. Password Match: True

--- 2026-04-14 20:59:48.975116 ---
Attempt: [superadmin@pms.com]

--- 2026-04-14 21:30:59.490950 ---
Attempt: [adminmvsr@pms.com]
No college context; skipping club search.
Result: FAILED

--- 2026-04-14 21:31:25.746537 ---
Attempt: [superadmin@pms.com]

--- 2026-04-14 22:22:46.795032 ---
Attempt: [adminmvsr@pms.com]
Found User. Role: admin. Password Match: False
Result: FAILED

--- 2026-04-14 22:22:51.986798 ---
Attempt: [adminmvsr@pms.com]
Found User. Role: admin. Password Match: False
Result: FAILED

--- 2026-04-14 22:23:01.713982 ---
Attempt: [adminmvsr@pms.com]
Found User. Role: admin. Password Match: True

--- 2026-04-14 22:41:21.674075 ---
Attempt: [mandotisaikiran@gmail.com]
Found User. Role: student. Password Match: True

--- 2026-04-14 22:41:48.730269 ---
Attempt: [mandotisaikiran@gmail.com]
Found User. Role: student. Password Match: True

--- 2026-04-14 22:43:05.567932 ---
Attempt: [mandotisaikiran@gmail.com]
Found User. Role: student. Password Match: True

--- 2026-04-14 22:43:06.210340 ---
Attempt: [mandotisaikiran@gmail.com]
Found User. Role: student. Password Match: True

--- 2026-04-14 23:04:56.968045 ---
Attempt: [revathikandhula@gmail.com]
Result: FAILED

--- 2026-04-14 23:05:32.599069 ---
Attempt: [sandhyaranids@gmail.com]
Found User. Role: faculty. Password Match: True

--- 2026-04-14 23:09:20.723394 ---
Attempt: [mjptab2@gmail.com]
Found User. Role: student. Password Match: True

--- 2026-04-14 23:14:04.499033 ---
Attempt: [admin@pms.com]
Found User. Role: admin. Password Match: False
Result: FAILED

--- 2026-04-14 23:14:17.813108 ---
Attempt: [admin@pms.com]
Found User. Role: admin. Password Match: True

--- 2026-04-14 23:15:36.021124 ---
Attempt: [kanchana@gmail.com]
Found User. Role: faculty. Password Match: False
Result: FAILED

--- 2026-04-14 23:15:51.713240 ---
Attempt: [kanchana@gmail.com]
Found User. Role: faculty. Password Match: True

--- 2026-04-14 23:18:10.913141 ---
Attempt: [mandotisaikiran@gmail.com]
Found User. Role: student. Password Match: True

--- 2026-04-14 23:18:11.524483 ---
Attempt: [mandotisaikiran@gmail.com]
Found User. Role: student. Password Match: True

--- 2026-04-14 23:32:47.423168 ---
Attempt: [mandotisaikiran@gmail.com]
Found User. Role: student. Password Match: True

--- 2026-04-14 23:35:12.931352 ---
Attempt: [kanchana@gmail.com]
Found User. Role: faculty. Password Match: True

--- 2026-04-14 23:35:57.603091 ---
Attempt: [mandotisaikiran@gmail.com]
Found User. Role: student. Password Match: True

--- 2026-04-14 23:35:58.146128 ---
Attempt: [mandotisaikiran@gmail.com]
Found User. Role: student. Password Match: True

--- 2026-04-14 23:36:07.988904 ---
Attempt: [admin@pms.com]
Found User. Role: admin. Password Match: True

--- 2026-04-14 23:36:57.348034 ---
Attempt: [kanchana@gmail.com]
Found User. Role: faculty. Password Match: True

--- 2026-04-14 23:39:25.956580 ---
Attempt: [kanchana@gmail.com]
Found User. Role: faculty. Password Match: False
Result: FAILED

--- 2026-04-14 23:39:55.246048 ---
Attempt: [kanchana@gmail.com]
Found User. Role: faculty. Password Match: True

--- 2026-04-15 00:32:33.186634 ---
Attempt: [kanchana@gmail.com]
Found User. Role: faculty. Password Match: True

--- 2026-04-15 00:33:01.562069 ---
Attempt: [admin@pms.com]
Found User. Role: admin. Password Match: True

--- 2026-04-15 00:37:14.357276 ---
Attempt: [mandotisaikiran@gmail.com]
Found User. Role: student. Password Match: True

--- 2026-04-15 00:45:56.548627 ---
Attempt: [aifusionclub@gmail.com]
Result: FAILED

--- 2026-04-15 00:46:08.579709 ---
Attempt: [aifusionclub@gmail.com]
Result: FAILED

--- 2026-04-15 00:46:25.547555 ---
Attempt: [aifusionclub@gmail.com]
Result: FAILED

--- 2026-04-15 00:46:51.797392 ---
Attempt: [aifusion@gmail.com]
Found Club: AI Fusion Club. Password Match: True

--- 2026-04-15 00:51:51.741061 ---
Attempt: [admin@pms.com]
Found User. Role: admin. Password Match: True

--- 2026-04-15 00:56:18.675863 ---
Attempt: [kanchana@gmail.com]
Found User. Role: faculty. Password Match: True

--- 2026-04-15 00:57:32.501137 ---
Attempt: [aifusion@gmail.com]
Found Club: AI Fusion Club. Password Match: True

--- 2026-04-15 01:05:42.714567 ---
Attempt: [admin@pms.com]
Found User. Role: admin. Password Match: True

--- 2026-04-15 01:07:02.224855 ---
Attempt: [kanchana@gmail.com]
Found User. Role: faculty. Password Match: True

--- 2026-04-15 01:07:57.066417 ---
Attempt: [kanchana@gmail.com]
Found User. Role: faculty. Password Match: True

--- 2026-04-15 01:10:12.844124 ---
Attempt: [aifusion@gmail.com]
Found Club: AI Fusion Club. Password Match: False
Result: FAILED

--- 2026-04-15 01:10:32.945958 ---
Attempt: [aifusion@gmail.com]
Found Club: AI Fusion Club. Password Match: True

--- 2026-04-15 01:17:50.566082 ---
Attempt: [aifusion@gmail.com]
Found Club: AI Fusion Club. Password Match: True

--- 2026-04-15 01:18:50.481101 ---
Attempt: [admin@pms.com]
Found User. Role: admin. Password Match: True

--- 2026-04-16 09:32:52.213821 ---
Attempt: [admin@pms.com]
Found User. Role: admin. Password Match: True

--- 2026-04-16 09:35:11.535842 ---
Attempt: [mandotisaikiran@gmail.com]
Found User. Role: student. Password Match: True

--- 2026-04-16 17:35:51.817086 ---
Attempt: [mandotisaikiran@gmail.com]
Found User. Role: student. Password Match: True

--- 2026-04-16 17:36:18.174238 ---
Attempt: [kanchana@gmail.com]
Found User. Role: faculty. Password Match: True

--- 2026-04-16 17:37:08.745204 ---
Attempt: [admin@pms.com]
Found User. Role: admin. Password Match: True

--- 2026-08-02 00:07:46.869482 ---
Attempt: [admin@pms.com]
Found User. Role: admin. Password Match: True

--- 2026-08-02 00:11:08.598470 ---
Attempt: [admin@pms.com]
Found User. Role: admin. Password Match: True

--- 2026-08-02 00:16:36.068163 ---
Attempt: [admin@pms.com]
Result: FAILED

--- 2026-08-02 00:16:48.707960 ---
Attempt: [admin@pms.com]
Result: FAILED

--- 2026-08-02 00:17:10.146780 ---
Attempt: [admin@pms.com]
Found User. Role: admin. Password Match: True

--- 2026-08-02 00:18:12.739026 ---
Attempt: [mandotisaikiran@gmail.com]
Found User. Role: student. Password Match: True

--- 2026-08-02 00:21:04.148133 ---
Attempt: [aifusion@gmail.com]
Found Club: AI Fusion Club. Password Match: True

--- 2026-08-02 00:23:53.528324 ---
Attempt: [kanchana@gmail.com]
Found User. Role: faculty. Password Match: True

--- 2026-08-02 16:24:50.696599 ---
Attempt: [admin@pms.com]
Found User. Role: admin. Password Match: True

--- 2026-08-03 18:05:56.949631 ---
Attempt: [admin@gmail.com]
Result: FAILED

--- 2026-08-03 18:06:07.586483 ---
Attempt: [admin@gmail.com]
Result: FAILED

--- 2026-08-03 18:07:21.556523 ---
Attempt: [admin@pms.com]
Found User. Role: admin. Password Match: True

--- 2026-08-03 18:18:24.720828 ---
Attempt: [kanchana@gmail.com]
Found User. Role: faculty. Password Match: True

--- 2026-08-03 18:21:26.377792 ---
Attempt: [mandotisaikiran@gmail.com]
Found User. Role: student. Password Match: True

--- 2026-08-03 18:23:21.480197 ---
Attempt: [kanchana@gmail.com]
Found User. Role: faculty. Password Match: True

--- 2026-08-03 18:24:02.871958 ---
Attempt: [mandotisaikiran@gmail.com]
Found User. Role: student. Password Match: True

--- 2026-08-03 18:25:34.905550 ---
Attempt: [admin@pms.com]
Found User. Role: admin. Password Match: True

--- 2026-08-03 22:21:23.570351 ---
Attempt: [admin@pms.com]
Found User. Role: admin. Password Match: True

--- 2026-08-03 22:22:00.208427 ---
Attempt: [mandotisaikiran@gmail.com]
Found User. Role: student. Password Match: True

--- 2026-09-25 00:15:29.446629 ---
Attempt: [admin@pms.com]
Found User. Role: admin. Password Match: True

--- 2026-09-25 00:16:32.525877 ---
Attempt: [superadmin@pms.com]

--- 2026-09-25 00:17:18.236962 ---
Attempt: [admin@pms.com]
Found User. Role: admin. Password Match: True

--- 2026-09-25 00:18:48.212527 ---
Attempt: [admin@pms.com]
Found User. Role: admin. Password Match: True

--- 2026-09-25 00:31:14.891866 ---
Attempt: [admin@pms.com]
Found User. Role: admin. Password Match: False
Result: FAILED

--- 2026-09-25 00:31:26.619718 ---
Attempt: [admin@pms.com]
Found User. Role: admin. Password Match: True

--- 2026-09-25 00:41:19.687974 ---
Attempt: [mandotisaikiran@gmail.com]
Found User. Role: student. Password Match: True

--- 2026-09-25 00:43:48.374849 ---
Attempt: [mandotisaikiran@gmail.com]
Found User. Role: student. Password Match: True

--- 2026-09-25 01:12:02.374281 ---
Attempt: [admin@pms.com]
Found User. Role: admin. Password Match: True

--- 2026-09-25 12:57:23.107425 ---
Attempt: [admin@pms.com]
Found User. Role: admin. Password Match: True

--- 2026-09-25 12:59:12.541994 ---
Attempt: [mandotisaikiran@gmail.com]
Found User. Role: student. Password Match: True

--- 2026-09-25 13:07:09.515379 ---
Attempt: [mandotisaikiran@gmail.com]
Found User. Role: student. Password Match: True

--- 2026-09-25 13:07:38.282729 ---
Attempt: [admin@pms.com]
Found User. Role: admin. Password Match: True

--- 2026-09-25 22:35:59.562599 ---
Attempt: [admin@pms.com]
Found User. Role: admin. Password Match: True

--- 2026-09-25 22:36:52.160252 ---
Attempt: [admin@pms.com]
Found User. Role: admin. Password Match: True

--- 2026-09-25 22:36:56.908707 ---
Attempt: [admin@pms.com]
Found User. Role: admin. Password Match: True

--- 2026-09-25 22:38:38.420292 ---
Attempt: [aifusion@gmail.com]
Found Club: AI Fusion Club. Password Match: True

--- 2026-09-25 22:39:34.166946 ---
Attempt: [aifusion@gmail.com]
Found Club: AI Fusion Club. Password Match: True

--- 2026-09-25 22:43:14.672982 ---
Attempt: [admin@pms.com]
Found User. Role: admin. Password Match: True

--- 2026-09-25 22:57:18.701021 ---
Attempt: [mandotisaikiran@gmail.com]
Found User. Role: student. Password Match: False
Result: FAILED

--- 2026-09-25 22:57:33.282756 ---
Attempt: [mandotisaikiran@gmail.com]
Found User. Role: student. Password Match: True

--- 2026-09-25 23:00:12.826556 ---
Attempt: [admin@pms.com]
Found User. Role: admin. Password Match: True

--- 2026-09-25 23:02:11.206261 ---
Attempt: [faisal@gmail.com]
Result: FAILED

--- 2026-09-25 23:02:23.080407 ---
Attempt: [faisal@gmail.com]
Result: FAILED

--- 2026-09-25 23:02:40.486167 ---
Attempt: [faisal@gmail.com]
Result: FAILED

--- 2026-09-25 23:02:51.751643 ---
Attempt: [admin@pms.com]
Found User. Role: admin. Password Match: True

--- 2026-09-25 23:03:39.902941 ---
Attempt: [faisal@gmail.com]
Result: FAILED

--- 2026-09-25 23:04:08.132104 ---
Attempt: [faisal@gmail.com]
Result: FAILED

--- 2026-09-25 23:04:19.417027 ---
Attempt: [admin@pms.com]
Found User. Role: admin. Password Match: True

--- 2026-09-25 23:05:34.630460 ---
Attempt: [faisal@gmail.com]
Result: FAILED

--- 2026-09-25 23:05:52.492506 ---
Attempt: [faisal@gmail.com]
Result: FAILED

--- 2026-09-25 23:06:42.865641 ---
Attempt: [admin@pms.com]
Found User. Role: admin. Password Match: True

--- 2026-09-25 23:07:34.268110 ---
Attempt: [kanchana@gmail.com]
Found User. Role: faculty. Password Match: True

--- 2026-09-25 23:08:40.538950 ---
Attempt: [admin@pms.com]
Found User. Role: admin. Password Match: True

--- 2026-09-25 23:08:40.563237 ---
Attempt: [admin@pms.com]
Found User. Role: admin. Password Match: True

--- 2026-09-25 23:09:30.089328 ---
Attempt: [faisal@gmail.com]
Result: FAILED

--- 2026-09-25 23:09:41.922836 ---
Attempt: [faisal@gmail.com]
Result: FAILED

--- 2026-09-25 23:09:47.395319 ---
Attempt: [faisal@gmail.com]
Result: FAILED

--- 2026-09-25 23:10:10.288261 ---
Attempt: [faisal@gmail.com]
Result: FAILED

--- 2026-09-25 23:10:24.042796 ---
Attempt: [admin@pms.com]
Found User. Role: admin. Password Match: True

--- 2026-09-25 23:17:26.109415 ---
Attempt: [faisal@gmail.com]
Found User. Role: faculty. Password Match: True

--- 2026-09-25 23:18:31.738166 ---
Attempt: [mandotisaikiran@gmail.com]
Found User. Role: student. Password Match: False
Result: FAILED

--- 2026-09-25 23:18:45.068875 ---
Attempt: [mandotisaikiran@gmail.com]
Found User. Role: student. Password Match: True

--- 2026-09-25 23:31:41.078863 ---
Attempt: [faisal@gmail.com]
Found User. Role: faculty. Password Match: True

--- 2026-09-25 23:32:41.196691 ---
Attempt: [mandotisaikiran@gmail.com]
Found User. Role: student. Password Match: True

--- 2026-09-25 23:42:19.438721 ---
Attempt: [mandotisaikiran@gmail.com]
Found User. Role: student. Password Match: True

--- 2026-09-26 00:12:55.563630 ---
Attempt: [admin@pms.com]
Found User. Role: admin. Password Match: True

--- 2026-09-26 00:22:34.178515 ---
Attempt: [aifusion@gmail.com]
Found Club: AI Fusion Club. Password Match: True

--- 2026-09-26 00:41:54.342558 ---
Attempt: [admin@pms.com]
Result: FAILED

--- 2026-09-26 00:44:30.193693 ---
Attempt: [adminmvsr@pms.com]
Found User. Role: admin. Password Match: True

--- 2026-09-28 13:30:24.067436 ---
Attempt: [admin@pms.com]
Found User. Role: admin. Password Match: True

--- 2026-09-28 13:32:42.838171 ---
Attempt: [adminmvsr@pms.com]
Found User. Role: admin. Password Match: True

--- 2026-09-28 13:57:54.777920 ---
Attempt: [admin@pms.com]
Found User. Role: admin. Password Match: True

--- 2026-09-28 21:40:31.216211 ---
Attempt: [admin@pms.com]
Found User. Role: admin. Password Match: True

--- 2026-09-28 22:11:18.467292 ---
Attempt: [beerlavamshi2@gmail.com]
Found User. Role: student. Password Match: True

--- 2026-09-28 22:13:57.412674 ---
Attempt: [admin@pms.com]
Found User. Role: admin. Password Match: True

--- 2026-09-28 22:26:40.350924 ---
Attempt: [adminmvsr@pms.com]
Found User. Role: admin. Password Match: True

--- 2026-09-28 22:28:12.313833 ---
Attempt: [admin@pms.com]
Found User. Role: admin. Password Match: True

--- 2026-09-28 22:31:48.149627 ---
Attempt: [admin@pms.com]
Found User. Role: admin. Password Match: True

--- 2026-09-28 22:32:25.252269 ---
Attempt: [mandotisaikiran@gmail.com]
Found User. Role: student. Password Match: True

--- 2026-09-28 22:38:40.898954 ---
Attempt: [mandotisaikiran@gmail.com]
Found User. Role: student. Password Match: True

--- 2026-09-28 22:46:02.577352 ---
Attempt: [admin@pms.com]
Found User. Role: admin. Password Match: True

--- 2026-09-29 06:06:04.544679 ---
Attempt: [admin@pms.com]
Found User. Role: admin. Password Match: True

--- 2026-09-29 06:08:42.216161 ---
Attempt: [adminmvsr@pms.com]
Found User. Role: admin. Password Match: True

--- 2026-09-29 06:09:21.221533 ---
Attempt: [admin@pms.com]
Found User. Role: admin. Password Match: True

--- 2026-09-29 06:09:50.294775 ---
Attempt: [Nehakatoon@gmail.com]
Found User. Role: faculty. Password Match: True

--- 2026-09-29 06:20:50.840654 ---
Attempt: [admin@pms.com]
Found User. Role: admin. Password Match: True

--- 2026-09-29 06:21:40.050969 ---
Attempt: [mandotisaikiran@gmail.com]
Found User. Role: student. Password Match: True

--- 2026-09-29 06:22:04.723286 ---
Attempt: [Nehakatoon@gmail.com]
Found User. Role: faculty. Password Match: True

--- 2026-09-29 06:22:06.611872 ---
Attempt: [Nehakatoon@gmail.com]
Found User. Role: faculty. Password Match: True

--- 2026-09-29 06:34:19.985026 ---
Attempt: [admin@pms.com]
Found User. Role: admin. Password Match: True

--- 2026-09-29 06:52:13.575275 ---
Attempt: [Nehakatoon@gmail.com]
Found User. Role: faculty. Password Match: True

--- 2026-09-29 06:57:09.927263 ---
Attempt: [Nehakatoon@gmail.com]
Result: FAILED

--- 2026-09-29 06:57:11.831950 ---
Attempt: [Nehakatoon@gmail.com]
Result: FAILED

--- 2026-09-29 06:57:13.505487 ---
Attempt: [Nehakatoon@gmail.com]
Result: FAILED

--- 2026-09-29 06:57:23.865379 ---
Attempt: [Nehakatoon@gmail.com]
Result: FAILED

--- 2026-09-29 06:57:41.167829 ---
Attempt: [mandotisaikiran@gmail.com]
Found User. Role: student. Password Match: True

--- 2026-09-29 06:58:48.330762 ---
Attempt: [admin@pms.com]
Found User. Role: admin. Password Match: True

--- 2026-09-29 06:59:27.039819 ---
Attempt: [mandotisaikiran@gmail.com]
Found User. Role: student. Password Match: True

--- 2026-09-29 07:40:02.420557 ---
Attempt: [admin@pms.com]
Found User. Role: admin. Password Match: True

--- 2026-09-29 07:41:17.460085 ---
Attempt: [admin@pms.com]
Found User. Role: admin. Password Match: True

--- 2026-09-29 07:44:28.951059 ---
Attempt: [admin@pms.com]
Found User. Role: admin. Password Match: True

--- 2026-09-29 07:46:01.845017 ---
Attempt: [mandotisaikiran@gmail.com]
Found User. Role: student. Password Match: True

--- 2026-09-29 07:46:31.160950 ---
Attempt: [admin@pms.com]
Found User. Role: admin. Password Match: True

--- 2026-09-29 07:54:00.494860 ---
Attempt: [admin@pms.com]
Found User. Role: admin. Password Match: True

--- 2026-09-29 07:55:36.323050 ---
Attempt: [admin@pms.com]
Found User. Role: admin. Password Match: True

--- 2026-09-29 08:01:28.486887 ---
Attempt: [mandotisaikiran@gmail.com]
Found User. Role: student. Password Match: True

--- 2026-09-29 13:30:46.693817 ---
Attempt: [admin@pms.com]
Found User. Role: admin. Password Match: True

--- 2026-09-29 20:08:55.047240 ---
Attempt: [admin@pms.com]
Found User. Role: admin. Password Match: True

--- 2026-09-29 20:16:17.296430 ---
Attempt: [adminkits@pms.com]
Found User. Role: admin. Password Match: True

--- 2026-09-29 20:17:16.382395 ---
Attempt: [admi@pms.com]
Result: FAILED

--- 2026-09-29 20:17:32.425425 ---
Attempt: [admin@pms.com]
Found User. Role: admin. Password Match: True

--- 2026-09-29 20:19:37.045417 ---
Attempt: [admin@pms.com]
Found User. Role: admin. Password Match: True

--- 2026-09-29 20:20:28.847731 ---
Attempt: [mandotisaikiran@gmail.com]
Found User. Role: student. Password Match: True

--- 2026-09-29 20:32:44.148853 ---
Attempt: [mandotisaikiran@gmail.com]
Found User. Role: student. Password Match: True

--- 2026-09-29 20:33:52.445542 ---
Attempt: [nehakatoon@gmail.com]
Result: FAILED

--- 2026-09-30 20:52:48.681820 ---
Attempt: [admin@pms.com]
Found User. Role: admin. Password Match: True
