2026-04-06 23:50:34.859443: POST Submit. Event 12, User 44, Form: {'field_phone num': '7013968958'}
2026-04-07 21:06:45.149028: POST Submit. Event 12, User 45, Form: {'field_phone num': '7097096579'}
2026-04-07 21:47:23.411670: POST Submit. Event 13, User 42, Form: {'field_phone number': '81236547898'}
2026-04-07 23:01:09.908678: POST Submit. Event 13, User 45, Form: {'field_phone number': '7097096579'}
2026-04-13 09:28:20.634189: POST Submit. Event 14, User 42, Form: {'field_phone number': '8179645560'}
2026-04-13 10:35:58.460883: POST Submit. Event 15, User 42, Form: {}
2026-04-13 11:39:14.157161: POST Submit. Event 16, User 42, Form: {'field_phone num': '8179645560', 'payment_mode': 'pay'}
2026-04-13 11:39:16.173345: POST Submit. Event 16, User 42, Form: {'field_phone num': '8179645560', 'payment_mode': 'pay'}
2026-04-13 11:39:20.582484: POST Submit. Event 16, User 42, Form: {'field_phone num': '8179645560', 'payment_mode': 'hold'}
2026-04-13 11:39:28.156156: POST Submit. Event 16, User 42, Form: {'field_phone num': '8179645560', 'payment_mode': 'pay'}
2026-04-13 12:02:14.077513: POST Submit. Event 16, User 42, Form: {'field_phone num': '8179645560', 'payment_mode': 'pay'}
2026-04-13 12:02:21.261871: POST Submit. Event 16, User 42, Form: {'field_phone num': '8179645560', 'payment_mode': 'pay'}
2026-04-13 12:02:22.531462: POST Submit. Event 16, User 42, Form: {'field_phone num': '8179645560', 'payment_mode': 'hold'}
2026-04-13 12:02:43.325669: POST Submit. Event 16, User 42, Form: {'field_phone num': '8179645560', 'payment_mode': 'pay'}
2026-04-13 14:29:37.510262: POST Submit. Event 16, User 42, Form: {'field_phone num': '8179645560', 'payment_mode': 'pay'}
2026-04-13 14:29:40.827831: POST Submit. Event 16, User 42, Form: {'field_phone num': '8179645560', 'payment_mode': 'pay'}
2026-04-13 14:30:05.398047: POST Submit. Event 16, User 42, Form: {'field_phone num': '8179645560', 'payment_mode': 'pay'}
2026-04-13 14:36:58.921684: POST Submit. Event 16, User 42, Form: {'field_phone num': '8179645560', 'payment_mode': 'pay'}
2026-04-13 14:58:43.479561: POST Submit. Event 18, User 42, Form: {'participation_choice': 'solo', 'team_action': 'create', 'team_name': '', 'declared_size': '1', 'field_phone num': '8179645560', 'payment_mode': 'pay'}
2026-04-13 15:47:18.781182: POST Submit. Event 18, User 46, Form: {'participation_choice': 'solo', 'team_action': 'create', 'team_name': '', 'declared_size': '1', 'field_phone num': '7207863251', 'payment_mode': 'pay'}
2026-04-14 10:02:50.674581: POST Submit. Event 18, User 22, Form: {'participation_choice': 'solo', 'team_action': 'create', 'team_name': '', 'declared_size': '1', 'field_phone num': '8121317885', 'payment_mode': 'pay'}
